// Jest Snapshot v1, https://goo.gl/fbAQLP

exports[`FirstPage should match a snapshot 1`] = `
ShallowWrapper {
  Symbol(enzyme.__root__): [Circular],
  Symbol(enzyme.__unrendered__): <FirstPage
    input={
      Object {
        "text": "",
      }
    }
    onClicked={[Function]}
  />,
  Symbol(enzyme.__renderer__): Object {
    "batchedUpdates": [Function],
    "getNode": [Function],
    "render": [Function],
    "simulateError": [Function],
    "simulateEvent": [Function],
    "unmount": [Function],
  },
  Symbol(enzyme.__node__): Object {
    "instance": null,
    "key": undefined,
    "nodeType": "class",
    "props": Object {
      "children": Array [
        <Component
          style={
            Object {
              "backgroundColor": "#000",
              "borderRadius": 2,
              "padding": 10,
            }
          }
        >
          <Link
            component={[Function]}
            replace={false}
            to="/second"
          >
            <Text
              accessible={true}
              allowFontScaling={true}
              ellipsizeMode="tail"
              style={
                Object {
                  "color": "#fff",
                }
              }
            >
              Go to Page 2
            </Text>
          </Link>
        </Component>,
        <Sample
          input=""
          onClick={[Function]}
        />,
        <Component
          style={
            Object {
              "marginTop": 20,
            }
          }
        >
          <Text
            accessible={true}
            allowFontScaling={true}
            ellipsizeMode="tail"
          >
            
          </Text>
        </Component>,
      ],
      "style": Object {
        "alignItems": "center",
        "alignSelf": "center",
        "display": "flex",
        "justifyContent": "center",
        "marginTop": 100,
      },
    },
    "ref": null,
    "rendered": Array [
      Object {
        "instance": null,
        "key": undefined,
        "nodeType": "class",
        "props": Object {
          "children": <Link
            component={[Function]}
            replace={false}
            to="/second"
          >
            <Text
              accessible={true}
              allowFontScaling={true}
              ellipsizeMode="tail"
              style={
                Object {
                  "color": "#fff",
                }
              }
            >
              Go to Page 2
            </Text>
          </Link>,
          "style": Object {
            "backgroundColor": "#000",
            "borderRadius": 2,
            "padding": 10,
          },
        },
        "ref": null,
        "rendered": Object {
          "instance": null,
          "key": undefined,
          "nodeType": "class",
          "props": Object {
            "children": <Text
              accessible={true}
              allowFontScaling={true}
              ellipsizeMode="tail"
              style={
                Object {
                  "color": "#fff",
                }
              }
            >
              Go to Page 2
            </Text>,
            "component": [Function],
            "replace": false,
            "to": "/second",
          },
          "ref": null,
          "rendered": Object {
            "instance": null,
            "key": undefined,
            "nodeType": "class",
            "props": Object {
              "accessible": true,
              "allowFontScaling": true,
              "children": "Go to Page 2",
              "ellipsizeMode": "tail",
              "style": Object {
                "color": "#fff",
              },
            },
            "ref": null,
            "rendered": "Go to Page 2",
            "type": [Function],
          },
          "type": [Function],
        },
        "type": [Function],
      },
      Object {
        "instance": null,
        "key": undefined,
        "nodeType": "class",
        "props": Object {
          "input": "",
          "onClick": [Function],
        },
        "ref": null,
        "rendered": null,
        "type": [Function],
      },
      Object {
        "instance": null,
        "key": undefined,
        "nodeType": "class",
        "props": Object {
          "children": <Text
            accessible={true}
            allowFontScaling={true}
            ellipsizeMode="tail"
          >
            
          </Text>,
          "style": Object {
            "marginTop": 20,
          },
        },
        "ref": null,
        "rendered": Object {
          "instance": null,
          "key": undefined,
          "nodeType": "class",
          "props": Object {
            "accessible": true,
            "allowFontScaling": true,
            "children": "",
            "ellipsizeMode": "tail",
          },
          "ref": null,
          "rendered": "",
          "type": [Function],
        },
        "type": [Function],
      },
    ],
    "type": [Function],
  },
  Symbol(enzyme.__nodes__): Array [
    Object {
      "instance": null,
      "key": undefined,
      "nodeType": "class",
      "props": Object {
        "children": Array [
          <Component
            style={
              Object {
                "backgroundColor": "#000",
                "borderRadius": 2,
                "padding": 10,
              }
            }
          >
            <Link
              component={[Function]}
              replace={false}
              to="/second"
            >
              <Text
                accessible={true}
                allowFontScaling={true}
                ellipsizeMode="tail"
                style={
                  Object {
                    "color": "#fff",
                  }
                }
              >
                Go to Page 2
              </Text>
            </Link>
          </Component>,
          <Sample
            input=""
            onClick={[Function]}
          />,
          <Component
            style={
              Object {
                "marginTop": 20,
              }
            }
          >
            <Text
              accessible={true}
              allowFontScaling={true}
              ellipsizeMode="tail"
            >
              
            </Text>
          </Component>,
        ],
        "style": Object {
          "alignItems": "center",
          "alignSelf": "center",
          "display": "flex",
          "justifyContent": "center",
          "marginTop": 100,
        },
      },
      "ref": null,
      "rendered": Array [
        Object {
          "instance": null,
          "key": undefined,
          "nodeType": "class",
          "props": Object {
            "children": <Link
              component={[Function]}
              replace={false}
              to="/second"
            >
              <Text
                accessible={true}
                allowFontScaling={true}
                ellipsizeMode="tail"
                style={
                  Object {
                    "color": "#fff",
                  }
                }
              >
                Go to Page 2
              </Text>
            </Link>,
            "style": Object {
              "backgroundColor": "#000",
              "borderRadius": 2,
              "padding": 10,
            },
          },
          "ref": null,
          "rendered": Object {
            "instance": null,
            "key": undefined,
            "nodeType": "class",
            "props": Object {
              "children": <Text
                accessible={true}
                allowFontScaling={true}
                ellipsizeMode="tail"
                style={
                  Object {
                    "color": "#fff",
                  }
                }
              >
                Go to Page 2
              </Text>,
              "component": [Function],
              "replace": false,
              "to": "/second",
            },
            "ref": null,
            "rendered": Object {
              "instance": null,
              "key": undefined,
              "nodeType": "class",
              "props": Object {
                "accessible": true,
                "allowFontScaling": true,
                "children": "Go to Page 2",
                "ellipsizeMode": "tail",
                "style": Object {
                  "color": "#fff",
                },
              },
              "ref": null,
              "rendered": "Go to Page 2",
              "type": [Function],
            },
            "type": [Function],
          },
          "type": [Function],
        },
        Object {
          "instance": null,
          "key": undefined,
          "nodeType": "class",
          "props": Object {
            "input": "",
            "onClick": [Function],
          },
          "ref": null,
          "rendered": null,
          "type": [Function],
        },
        Object {
          "instance": null,
          "key": undefined,
          "nodeType": "class",
          "props": Object {
            "children": <Text
              accessible={true}
              allowFontScaling={true}
              ellipsizeMode="tail"
            >
              
            </Text>,
            "style": Object {
              "marginTop": 20,
            },
          },
          "ref": null,
          "rendered": Object {
            "instance": null,
            "key": undefined,
            "nodeType": "class",
            "props": Object {
              "accessible": true,
              "allowFontScaling": true,
              "children": "",
              "ellipsizeMode": "tail",
            },
            "ref": null,
            "rendered": "",
            "type": [Function],
          },
          "type": [Function],
        },
      ],
      "type": [Function],
    },
  ],
  Symbol(enzyme.__options__): Object {
    "adapter": ReactSixteenAdapter {
      "options": Object {
        "enableComponentDidUpdateOnSetState": true,
        "lifecycles": Object {
          "componentDidUpdate": Object {
            "onSetState": true,
          },
          "getDerivedStateFromProps": true,
          "getSnapshotBeforeUpdate": true,
          "setState": Object {
            "skipsComponentDidUpdateOnNullish": true,
          },
        },
      },
    },
  },
}
`;
